[     271ms] [ERROR] Failed to load resource: the server responded with a status of 404 (Not Found) @ http://localhost:5176/favicon.ico:0
[     407ms] [ERROR] Not allowed to load local resource: file:///D:/%5CTypora%5CTyporaPics%5Cascii-1-1.png @ http://localhost:5176/didiberber3-github.io/docs/java/Java%E6%B1%87%E6%80%BB:0
[     407ms] [ERROR] Not allowed to load local resource: file:///D:/%5CTypora%5CTyporaPics%5Cimage-20250829231440352-1757315437442-1.png @ http://localhost:5176/didiberber3-github.io/docs/java/Java%E6%B1%87%E6%80%BB:0
[     407ms] [ERROR] Not allowed to load local resource: file:///D:/%5CTypora%5CTyporaPics%5Cimage-20250829231917711.png @ http://localhost:5176/didiberber3-github.io/docs/java/Java%E6%B1%87%E6%80%BB:0
[     407ms] [ERROR] Not allowed to load local resource: file:///D:/%5CTypora%5CTyporaPics%5Cimage-20250907202856242.png @ http://localhost:5176/didiberber3-github.io/docs/java/Java%E6%B1%87%E6%80%BB:0
[     407ms] [ERROR] Not allowed to load local resource: file:///D:/%5CTypora%5CTyporaPics%5Cimage-20250907201933591.png @ http://localhost:5176/didiberber3-github.io/docs/java/Java%E6%B1%87%E6%80%BB:0
[     407ms] [ERROR] Not allowed to load local resource: file:///D:/%5CTypora%5CTyporaPics%5Cimage-20250913203047243.png @ http://localhost:5176/didiberber3-github.io/docs/java/Java%E6%B1%87%E6%80%BB:0
[     407ms] [ERROR] Not allowed to load local resource: file:///D:/%5CTypora%5CTyporaPics%5Cimage-20250913204241178.png @ http://localhost:5176/didiberber3-github.io/docs/java/Java%E6%B1%87%E6%80%BB:0
[     407ms] [ERROR] Not allowed to load local resource: file:///D:/%5CTypora%5CTyporaPics%5Cimage-20251030110838645.png @ http://localhost:5176/didiberber3-github.io/docs/java/Java%E6%B1%87%E6%80%BB:0
[     407ms] [ERROR] Not allowed to load local resource: file:///D:/%5CTypora%5CTyporaPics%5C9f43becfe97dacc37683e73a48e08c98.png @ http://localhost:5176/didiberber3-github.io/docs/java/Java%E6%B1%87%E6%80%BB:0
[     407ms] [ERROR] Not allowed to load local resource: file:///D:/%5CTypora%5CTyporaPics%5Cimage-20251103134402030.png @ http://localhost:5176/didiberber3-github.io/docs/java/Java%E6%B1%87%E6%80%BB:0
[     407ms] [ERROR] Not allowed to load local resource: file:///D:/%5CTypora%5CTyporaPics%5Cimage-20251103135634621.png @ http://localhost:5176/didiberber3-github.io/docs/java/Java%E6%B1%87%E6%80%BB:0
[     407ms] [ERROR] Not allowed to load local resource: file:///D:/%5CTypora%5CTyporaPics%5Cimage-20251103140350645.png @ http://localhost:5176/didiberber3-github.io/docs/java/Java%E6%B1%87%E6%80%BB:0
[     407ms] [ERROR] Not allowed to load local resource: file:///D:/%5CTypora%5CTyporaPics%5Cimage-20251103141826376.png @ http://localhost:5176/didiberber3-github.io/docs/java/Java%E6%B1%87%E6%80%BB:0
[     408ms] [ERROR] Not allowed to load local resource: file:///D:/%5CTypora%5CTyporaPics%5Cimage-20251104012159884.png @ http://localhost:5176/didiberber3-github.io/docs/java/Java%E6%B1%87%E6%80%BB:0
[     408ms] [ERROR] Not allowed to load local resource: file:///D:/%5CTypora%5CTyporaPics%5Cimage-20251104152004420.png @ http://localhost:5176/didiberber3-github.io/docs/java/Java%E6%B1%87%E6%80%BB:0
[     408ms] [ERROR] Not allowed to load local resource: file:///D:/%5CTypora%5CTyporaPics%5Cimage-20251104193014345.png @ http://localhost:5176/didiberber3-github.io/docs/java/Java%E6%B1%87%E6%80%BB:0
[     408ms] [ERROR] Not allowed to load local resource: file:///D:/%5CTypora%5CTyporaPics%5Cimage-20251106191300302.png @ http://localhost:5176/didiberber3-github.io/docs/java/Java%E6%B1%87%E6%80%BB:0
[     408ms] [ERROR] Not allowed to load local resource: file:///D:/%5CTypora%5CTyporaPics%5Cimage-20251107182930322.png @ http://localhost:5176/didiberber3-github.io/docs/java/Java%E6%B1%87%E6%80%BB:0
[     408ms] [ERROR] Not allowed to load local resource: file:///D:/%5CTypora%5CTyporaPics%5Cimage-20251107182915116.png @ http://localhost:5176/didiberber3-github.io/docs/java/Java%E6%B1%87%E6%80%BB:0
[     408ms] [ERROR] Not allowed to load local resource: file:///D:/%5CTypora%5CTyporaPics%5Cimage-20251110134647925.png @ http://localhost:5176/didiberber3-github.io/docs/java/Java%E6%B1%87%E6%80%BB:0
[     408ms] [ERROR] Not allowed to load local resource: file:///D:/%5CTypora%5CTyporaPics%5Cimage-20251110134702564.png @ http://localhost:5176/didiberber3-github.io/docs/java/Java%E6%B1%87%E6%80%BB:0
[     408ms] [ERROR] Not allowed to load local resource: file:///D:/%5CTypora%5CTyporaPics%5Cimage-20251110134712199.png @ http://localhost:5176/didiberber3-github.io/docs/java/Java%E6%B1%87%E6%80%BB:0
[     408ms] [ERROR] Not allowed to load local resource: file:///D:/%5CTypora%5CTyporaPics%5Cimage-20251110134941737.png @ http://localhost:5176/didiberber3-github.io/docs/java/Java%E6%B1%87%E6%80%BB:0
[     408ms] [ERROR] Not allowed to load local resource: file:///D:/%5CTypora%5CTyporaPics%5Cimage-20251110135101551.png @ http://localhost:5176/didiberber3-github.io/docs/java/Java%E6%B1%87%E6%80%BB:0
[     408ms] [ERROR] Not allowed to load local resource: file:///D:/%5CTypora%5CTyporaPics%5Cimage-20251111161918507.png @ http://localhost:5176/didiberber3-github.io/docs/java/Java%E6%B1%87%E6%80%BB:0
[     408ms] [ERROR] Not allowed to load local resource: file:///D:/%5CTypora%5CTyporaPics%5Cimage-20251111161843066.png @ http://localhost:5176/didiberber3-github.io/docs/java/Java%E6%B1%87%E6%80%BB:0
[     408ms] [ERROR] Not allowed to load local resource: file:///D:/%5CTypora%5CTyporaPics%5Cimage-20251111161948284.png @ http://localhost:5176/didiberber3-github.io/docs/java/Java%E6%B1%87%E6%80%BB:0
[     408ms] [ERROR] Not allowed to load local resource: file:///D:/%5CTypora%5CTyporaPics%5Cimage-20251111162021380.png @ http://localhost:5176/didiberber3-github.io/docs/java/Java%E6%B1%87%E6%80%BB:0
[     408ms] [ERROR] Not allowed to load local resource: file:///D:/%5CTypora%5CTyporaPics%5Cimage-20251111162108737.png @ http://localhost:5176/didiberber3-github.io/docs/java/Java%E6%B1%87%E6%80%BB:0
[     408ms] [ERROR] Not allowed to load local resource: file:///D:/%5CTypora%5CTyporaPics%5Cimage-20251111162301917.png @ http://localhost:5176/didiberber3-github.io/docs/java/Java%E6%B1%87%E6%80%BB:0
[     409ms] [ERROR] Not allowed to load local resource: file:///D:/%5CTypora%5CTyporaPics%5Cimage-20251111162327078.png @ http://localhost:5176/didiberber3-github.io/docs/java/Java%E6%B1%87%E6%80%BB:0
[     409ms] [ERROR] Not allowed to load local resource: file:///D:/%5CTypora%5CTyporaPics%5Cimage-20251113134038642.png @ http://localhost:5176/didiberber3-github.io/docs/java/Java%E6%B1%87%E6%80%BB:0
[     409ms] [ERROR] Not allowed to load local resource: file:///D:/%5CTypora%5CTyporaPics%5Cimage-20251117192047569.png @ http://localhost:5176/didiberber3-github.io/docs/java/Java%E6%B1%87%E6%80%BB:0
[     409ms] [ERROR] Not allowed to load local resource: file:///D:/%5CTypora%5CTyporaPics%5Cimage-20260513121008438.png @ http://localhost:5176/didiberber3-github.io/docs/java/Java%E6%B1%87%E6%80%BB:0
[     409ms] [ERROR] Not allowed to load local resource: file:///D:/%5CTypora%5CTyporaPics%5Cimage-20260513152624462.png @ http://localhost:5176/didiberber3-github.io/docs/java/Java%E6%B1%87%E6%80%BB:0
[     409ms] [ERROR] Not allowed to load local resource: file:///D:/%5CTypora%5CTyporaPics%5Cimage-20260513164204064.png @ http://localhost:5176/didiberber3-github.io/docs/java/Java%E6%B1%87%E6%80%BB:0
[     409ms] [ERROR] Not allowed to load local resource: file:///D:/%5CTypora%5CTyporaPics%5Cimage-20260518174805709.png @ http://localhost:5176/didiberber3-github.io/docs/java/Java%E6%B1%87%E6%80%BB:0
[     409ms] [ERROR] Not allowed to load local resource: file:///D:/%5CTypora%5CTyporaPics%5Cimage-20260524162743132.png @ http://localhost:5176/didiberber3-github.io/docs/java/Java%E6%B1%87%E6%80%BB:0
[     409ms] [ERROR] Not allowed to load local resource: file:///D:/%5CTypora%5CTyporaPics%5Cimage-20260524171022630.png @ http://localhost:5176/didiberber3-github.io/docs/java/Java%E6%B1%87%E6%80%BB:0
[     409ms] [ERROR] Not allowed to load local resource: file:///D:/%5CTypora%5CTyporaPics%5Cimage-20260524172150545.png @ http://localhost:5176/didiberber3-github.io/docs/java/Java%E6%B1%87%E6%80%BB:0
[     409ms] [ERROR] Not allowed to load local resource: file:///D:/%5CTypora%5CTyporaPics%5Cimage-20260525212047101.png @ http://localhost:5176/didiberber3-github.io/docs/java/Java%E6%B1%87%E6%80%BB:0
[     409ms] [ERROR] Not allowed to load local resource: file:///D:/%5CTypora%5CTyporaPics%5C8f7fc4b7-fccb-4488-a851-085470c63c53.png @ http://localhost:5176/didiberber3-github.io/docs/java/Java%E6%B1%87%E6%80%BB:0
[     489ms] [LOG] WARN: Could not find the language 'text', did you forget to load/include a language module? @ http://localhost:5176/didiberber3-github.io/node_modules/.vite/deps/highlight__js_lib_core.js?v=4c24c561:627
[     489ms] [LOG] WARN: Falling back to no-highlight mode for this block. JSHandle@node @ http://localhost:5176/didiberber3-github.io/node_modules/.vite/deps/highlight__js_lib_core.js?v=4c24c561:627
[     556ms] [LOG] WARN: Could not find the language 'text', did you forget to load/include a language module? @ http://localhost:5176/didiberber3-github.io/node_modules/.vite/deps/highlight__js_lib_core.js?v=4c24c561:627
[     556ms] [LOG] WARN: Falling back to no-highlight mode for this block. JSHandle@node @ http://localhost:5176/didiberber3-github.io/node_modules/.vite/deps/highlight__js_lib_core.js?v=4c24c561:627
[   20604ms] [ERROR] Not allowed to load local resource: file:///D:/%5CTypora%5CTyporaPics%5Cimage-20251111161918507.png @ http://localhost:5176/didiberber3-github.io/docs/java/Test:0
[   20604ms] [ERROR] Not allowed to load local resource: file:///D:/%5CTypora%5CTyporaPics%5Cimage-20251111161843066.png @ http://localhost:5176/didiberber3-github.io/docs/java/Test:0
[   20604ms] [ERROR] Not allowed to load local resource: file:///D:/%5CTypora%5CTyporaPics%5Cimage-20251111161948284.png @ http://localhost:5176/didiberber3-github.io/docs/java/Test:0
[   20604ms] [ERROR] Not allowed to load local resource: file:///D:/%5CTypora%5CTyporaPics%5Cimage-20251111162021380.png @ http://localhost:5176/didiberber3-github.io/docs/java/Test:0
[   20604ms] [ERROR] Not allowed to load local resource: file:///D:/%5CTypora%5CTyporaPics%5Cimage-20251111162108737.png @ http://localhost:5176/didiberber3-github.io/docs/java/Test:0
[   20604ms] [ERROR] Not allowed to load local resource: file:///D:/%5CTypora%5CTyporaPics%5Cimage-20251111162301917.png @ http://localhost:5176/didiberber3-github.io/docs/java/Test:0
[   20604ms] [ERROR] Not allowed to load local resource: file:///D:/%5CTypora%5CTyporaPics%5Cimage-20251111162327078.png @ http://localhost:5176/didiberber3-github.io/docs/java/Test:0
[   23246ms] [ERROR] Not allowed to load local resource: file:///D:/%5CTypora%5CTyporaPics%5Cimage-20251113134038642.png @ http://localhost:5176/didiberber3-github.io/docs/java/%E6%88%BF%E5%B1%8B%E5%87%BA%E7%A7%9F%E7%B3%BB%E7%BB%9F:0
[   23246ms] [ERROR] Not allowed to load local resource: file:///D:/%5CTypora%5CTyporaPics%5Cimage-20251117192047569.png @ http://localhost:5176/didiberber3-github.io/docs/java/%E6%88%BF%E5%B1%8B%E5%87%BA%E7%A7%9F%E7%B3%BB%E7%BB%9F:0
[   26785ms] [ERROR] Not allowed to load local resource: file:///D:/%5CTypora%5CTyporaPics%5Cimage-20251111161918507.png @ http://localhost:5176/didiberber3-github.io/docs/java/%E5%9D%A6%E5%85%8B%E5%A4%A7%E6%88%98:0
[   26786ms] [ERROR] Not allowed to load local resource: file:///D:/%5CTypora%5CTyporaPics%5Cimage-20251111161843066.png @ http://localhost:5176/didiberber3-github.io/docs/java/%E5%9D%A6%E5%85%8B%E5%A4%A7%E6%88%98:0
[   26786ms] [ERROR] Not allowed to load local resource: file:///D:/%5CTypora%5CTyporaPics%5Cimage-20251111161948284.png @ http://localhost:5176/didiberber3-github.io/docs/java/%E5%9D%A6%E5%85%8B%E5%A4%A7%E6%88%98:0
[   26786ms] [ERROR] Not allowed to load local resource: file:///D:/%5CTypora%5CTyporaPics%5Cimage-20251111162021380.png @ http://localhost:5176/didiberber3-github.io/docs/java/%E5%9D%A6%E5%85%8B%E5%A4%A7%E6%88%98:0
[   26786ms] [ERROR] Not allowed to load local resource: file:///D:/%5CTypora%5CTyporaPics%5Cimage-20251111162108737.png @ http://localhost:5176/didiberber3-github.io/docs/java/%E5%9D%A6%E5%85%8B%E5%A4%A7%E6%88%98:0
[   26786ms] [ERROR] Not allowed to load local resource: file:///D:/%5CTypora%5CTyporaPics%5Cimage-20251111162301917.png @ http://localhost:5176/didiberber3-github.io/docs/java/%E5%9D%A6%E5%85%8B%E5%A4%A7%E6%88%98:0
[   26786ms] [ERROR] Not allowed to load local resource: file:///D:/%5CTypora%5CTyporaPics%5Cimage-20251111162327078.png @ http://localhost:5176/didiberber3-github.io/docs/java/%E5%9D%A6%E5%85%8B%E5%A4%A7%E6%88%98:0
