[    7723ms] [ERROR] Failed to load resource: the server responded with a status of 404 (Not Found) @ http://localhost:5173/favicon.ico:0
[    7984ms] [ERROR] Not allowed to load local resource: file:///D:/%5CTypora%5CTyporaPics%5Cascii-1-1.png @ http://localhost:5173/didiberber3-github.io/docs/java/Java%E6%B1%87%E6%80%BB:0
[    7984ms] [ERROR] Not allowed to load local resource: file:///D:/%5CTypora%5CTyporaPics%5Cimage-20250829231440352-1757315437442-1.png @ http://localhost:5173/didiberber3-github.io/docs/java/Java%E6%B1%87%E6%80%BB:0
[    7984ms] [ERROR] Not allowed to load local resource: file:///D:/%5CTypora%5CTyporaPics%5Cimage-20250829231917711.png @ http://localhost:5173/didiberber3-github.io/docs/java/Java%E6%B1%87%E6%80%BB:0
[    7984ms] [ERROR] Not allowed to load local resource: file:///D:/%5CTypora%5CTyporaPics%5Cimage-20250907202856242.png @ http://localhost:5173/didiberber3-github.io/docs/java/Java%E6%B1%87%E6%80%BB:0
[    7984ms] [ERROR] Not allowed to load local resource: file:///D:/%5CTypora%5CTyporaPics%5Cimage-20250907201933591.png @ http://localhost:5173/didiberber3-github.io/docs/java/Java%E6%B1%87%E6%80%BB:0
[    7984ms] [ERROR] Not allowed to load local resource: file:///D:/%5CTypora%5CTyporaPics%5Cimage-20250913203047243.png @ http://localhost:5173/didiberber3-github.io/docs/java/Java%E6%B1%87%E6%80%BB:0
[    7984ms] [ERROR] Not allowed to load local resource: file:///D:/%5CTypora%5CTyporaPics%5Cimage-20250913204241178.png @ http://localhost:5173/didiberber3-github.io/docs/java/Java%E6%B1%87%E6%80%BB:0
[    7984ms] [ERROR] Not allowed to load local resource: file:///D:/%5CTypora%5CTyporaPics%5Cimage-20251030110838645.png @ http://localhost:5173/didiberber3-github.io/docs/java/Java%E6%B1%87%E6%80%BB:0
[    7984ms] [ERROR] Not allowed to load local resource: file:///D:/%5CTypora%5CTyporaPics%5C9f43becfe97dacc37683e73a48e08c98.png @ http://localhost:5173/didiberber3-github.io/docs/java/Java%E6%B1%87%E6%80%BB:0
[    7984ms] [ERROR] Not allowed to load local resource: file:///D:/%5CTypora%5CTyporaPics%5Cimage-20251103134402030.png @ http://localhost:5173/didiberber3-github.io/docs/java/Java%E6%B1%87%E6%80%BB:0
[    7985ms] [ERROR] Not allowed to load local resource: file:///D:/%5CTypora%5CTyporaPics%5Cimage-20251103135634621.png @ http://localhost:5173/didiberber3-github.io/docs/java/Java%E6%B1%87%E6%80%BB:0
[    7985ms] [ERROR] Not allowed to load local resource: file:///D:/%5CTypora%5CTyporaPics%5Cimage-20251103140350645.png @ http://localhost:5173/didiberber3-github.io/docs/java/Java%E6%B1%87%E6%80%BB:0
[    7985ms] [ERROR] Not allowed to load local resource: file:///D:/%5CTypora%5CTyporaPics%5Cimage-20251103141826376.png @ http://localhost:5173/didiberber3-github.io/docs/java/Java%E6%B1%87%E6%80%BB:0
[    7985ms] [ERROR] Not allowed to load local resource: file:///D:/%5CTypora%5CTyporaPics%5Cimage-20251104012159884.png @ http://localhost:5173/didiberber3-github.io/docs/java/Java%E6%B1%87%E6%80%BB:0
[    7985ms] [ERROR] Not allowed to load local resource: file:///D:/%5CTypora%5CTyporaPics%5Cimage-20251104152004420.png @ http://localhost:5173/didiberber3-github.io/docs/java/Java%E6%B1%87%E6%80%BB:0
[    7985ms] [ERROR] Not allowed to load local resource: file:///D:/%5CTypora%5CTyporaPics%5Cimage-20251104193014345.png @ http://localhost:5173/didiberber3-github.io/docs/java/Java%E6%B1%87%E6%80%BB:0
[    7985ms] [ERROR] Not allowed to load local resource: file:///D:/%5CTypora%5CTyporaPics%5Cimage-20251106191300302.png @ http://localhost:5173/didiberber3-github.io/docs/java/Java%E6%B1%87%E6%80%BB:0
[    7985ms] [ERROR] Not allowed to load local resource: file:///D:/%5CTypora%5CTyporaPics%5Cimage-20251107182930322.png @ http://localhost:5173/didiberber3-github.io/docs/java/Java%E6%B1%87%E6%80%BB:0
[    7985ms] [ERROR] Not allowed to load local resource: file:///D:/%5CTypora%5CTyporaPics%5Cimage-20251107182915116.png @ http://localhost:5173/didiberber3-github.io/docs/java/Java%E6%B1%87%E6%80%BB:0
[    7985ms] [ERROR] Not allowed to load local resource: file:///D:/%5CTypora%5CTyporaPics%5Cimage-20251110134647925.png @ http://localhost:5173/didiberber3-github.io/docs/java/Java%E6%B1%87%E6%80%BB:0
[    7985ms] [ERROR] Not allowed to load local resource: file:///D:/%5CTypora%5CTyporaPics%5Cimage-20251110134702564.png @ http://localhost:5173/didiberber3-github.io/docs/java/Java%E6%B1%87%E6%80%BB:0
[    7985ms] [ERROR] Not allowed to load local resource: file:///D:/%5CTypora%5CTyporaPics%5Cimage-20251110134712199.png @ http://localhost:5173/didiberber3-github.io/docs/java/Java%E6%B1%87%E6%80%BB:0
[    7985ms] [ERROR] Not allowed to load local resource: file:///D:/%5CTypora%5CTyporaPics%5Cimage-20251110134941737.png @ http://localhost:5173/didiberber3-github.io/docs/java/Java%E6%B1%87%E6%80%BB:0
[    7985ms] [ERROR] Not allowed to load local resource: file:///D:/%5CTypora%5CTyporaPics%5Cimage-20251110135101551.png @ http://localhost:5173/didiberber3-github.io/docs/java/Java%E6%B1%87%E6%80%BB:0
[    7985ms] [ERROR] Not allowed to load local resource: file:///D:/%5CTypora%5CTyporaPics%5Cimage-20251111161918507.png @ http://localhost:5173/didiberber3-github.io/docs/java/Java%E6%B1%87%E6%80%BB:0
[    7985ms] [ERROR] Not allowed to load local resource: file:///D:/%5CTypora%5CTyporaPics%5Cimage-20251111161843066.png @ http://localhost:5173/didiberber3-github.io/docs/java/Java%E6%B1%87%E6%80%BB:0
[    7985ms] [ERROR] Not allowed to load local resource: file:///D:/%5CTypora%5CTyporaPics%5Cimage-20251111161948284.png @ http://localhost:5173/didiberber3-github.io/docs/java/Java%E6%B1%87%E6%80%BB:0
[    7985ms] [ERROR] Not allowed to load local resource: file:///D:/%5CTypora%5CTyporaPics%5Cimage-20251111162021380.png @ http://localhost:5173/didiberber3-github.io/docs/java/Java%E6%B1%87%E6%80%BB:0
[    7985ms] [ERROR] Not allowed to load local resource: file:///D:/%5CTypora%5CTyporaPics%5Cimage-20251111162108737.png @ http://localhost:5173/didiberber3-github.io/docs/java/Java%E6%B1%87%E6%80%BB:0
[    7985ms] [ERROR] Not allowed to load local resource: file:///D:/%5CTypora%5CTyporaPics%5Cimage-20251111162301917.png @ http://localhost:5173/didiberber3-github.io/docs/java/Java%E6%B1%87%E6%80%BB:0
[    7985ms] [ERROR] Not allowed to load local resource: file:///D:/%5CTypora%5CTyporaPics%5Cimage-20251111162327078.png @ http://localhost:5173/didiberber3-github.io/docs/java/Java%E6%B1%87%E6%80%BB:0
[    7985ms] [ERROR] Not allowed to load local resource: file:///D:/%5CTypora%5CTyporaPics%5Cimage-20251113134038642.png @ http://localhost:5173/didiberber3-github.io/docs/java/Java%E6%B1%87%E6%80%BB:0
[    7986ms] [ERROR] Not allowed to load local resource: file:///D:/%5CTypora%5CTyporaPics%5Cimage-20251117192047569.png @ http://localhost:5173/didiberber3-github.io/docs/java/Java%E6%B1%87%E6%80%BB:0
[    7986ms] [ERROR] Not allowed to load local resource: file:///D:/%5CTypora%5CTyporaPics%5Cimage-20260513121008438.png @ http://localhost:5173/didiberber3-github.io/docs/java/Java%E6%B1%87%E6%80%BB:0
[    7986ms] [ERROR] Not allowed to load local resource: file:///D:/%5CTypora%5CTyporaPics%5Cimage-20260513152624462.png @ http://localhost:5173/didiberber3-github.io/docs/java/Java%E6%B1%87%E6%80%BB:0
[    7986ms] [ERROR] Not allowed to load local resource: file:///D:/%5CTypora%5CTyporaPics%5Cimage-20260513164204064.png @ http://localhost:5173/didiberber3-github.io/docs/java/Java%E6%B1%87%E6%80%BB:0
[    7986ms] [ERROR] Not allowed to load local resource: file:///D:/%5CTypora%5CTyporaPics%5Cimage-20260518174805709.png @ http://localhost:5173/didiberber3-github.io/docs/java/Java%E6%B1%87%E6%80%BB:0
[    7986ms] [ERROR] Not allowed to load local resource: file:///D:/%5CTypora%5CTyporaPics%5Cimage-20260524162743132.png @ http://localhost:5173/didiberber3-github.io/docs/java/Java%E6%B1%87%E6%80%BB:0
[    7986ms] [ERROR] Not allowed to load local resource: file:///D:/%5CTypora%5CTyporaPics%5Cimage-20260524171022630.png @ http://localhost:5173/didiberber3-github.io/docs/java/Java%E6%B1%87%E6%80%BB:0
[    7986ms] [ERROR] Not allowed to load local resource: file:///D:/%5CTypora%5CTyporaPics%5Cimage-20260524172150545.png @ http://localhost:5173/didiberber3-github.io/docs/java/Java%E6%B1%87%E6%80%BB:0
[    7986ms] [ERROR] Not allowed to load local resource: file:///D:/%5CTypora%5CTyporaPics%5Cimage-20260525212047101.png @ http://localhost:5173/didiberber3-github.io/docs/java/Java%E6%B1%87%E6%80%BB:0
[    7986ms] [ERROR] Not allowed to load local resource: file:///D:/%5CTypora%5CTyporaPics%5C8f7fc4b7-fccb-4488-a851-085470c63c53.png @ http://localhost:5173/didiberber3-github.io/docs/java/Java%E6%B1%87%E6%80%BB:0
[    8046ms] [LOG] WARN: Could not find the language 'text', did you forget to load/include a language module? @ http://localhost:5173/didiberber3-github.io/node_modules/.vite/deps/highlight__js_lib_core.js?v=4c24c561:627
[    8046ms] [LOG] WARN: Falling back to no-highlight mode for this block. JSHandle@node @ http://localhost:5173/didiberber3-github.io/node_modules/.vite/deps/highlight__js_lib_core.js?v=4c24c561:627
[    8094ms] [LOG] WARN: Could not find the language 'text', did you forget to load/include a language module? @ http://localhost:5173/didiberber3-github.io/node_modules/.vite/deps/highlight__js_lib_core.js?v=4c24c561:627
[    8094ms] [LOG] WARN: Falling back to no-highlight mode for this block. JSHandle@node @ http://localhost:5173/didiberber3-github.io/node_modules/.vite/deps/highlight__js_lib_core.js?v=4c24c561:627
[  157305ms] [ERROR] Failed to load resource: the server responded with a status of 404 (Not Found) @ http://localhost:5174/favicon.ico:0
[  157543ms] [ERROR] Not allowed to load local resource: file:///D:/%5CTypora%5CTyporaPics%5Cascii-1-1.png @ http://localhost:5174/didiberber3-github.io/docs/java/Java%E6%B1%87%E6%80%BB:0
[  157543ms] [ERROR] Not allowed to load local resource: file:///D:/%5CTypora%5CTyporaPics%5Cimage-20250829231440352-1757315437442-1.png @ http://localhost:5174/didiberber3-github.io/docs/java/Java%E6%B1%87%E6%80%BB:0
[  157543ms] [ERROR] Not allowed to load local resource: file:///D:/%5CTypora%5CTyporaPics%5Cimage-20250829231917711.png @ http://localhost:5174/didiberber3-github.io/docs/java/Java%E6%B1%87%E6%80%BB:0
[  157543ms] [ERROR] Not allowed to load local resource: file:///D:/%5CTypora%5CTyporaPics%5Cimage-20250907202856242.png @ http://localhost:5174/didiberber3-github.io/docs/java/Java%E6%B1%87%E6%80%BB:0
[  157543ms] [ERROR] Not allowed to load local resource: file:///D:/%5CTypora%5CTyporaPics%5Cimage-20250907201933591.png @ http://localhost:5174/didiberber3-github.io/docs/java/Java%E6%B1%87%E6%80%BB:0
[  157543ms] [ERROR] Not allowed to load local resource: file:///D:/%5CTypora%5CTyporaPics%5Cimage-20250913203047243.png @ http://localhost:5174/didiberber3-github.io/docs/java/Java%E6%B1%87%E6%80%BB:0
[  157543ms] [ERROR] Not allowed to load local resource: file:///D:/%5CTypora%5CTyporaPics%5Cimage-20250913204241178.png @ http://localhost:5174/didiberber3-github.io/docs/java/Java%E6%B1%87%E6%80%BB:0
[  157543ms] [ERROR] Not allowed to load local resource: file:///D:/%5CTypora%5CTyporaPics%5Cimage-20251030110838645.png @ http://localhost:5174/didiberber3-github.io/docs/java/Java%E6%B1%87%E6%80%BB:0
[  157543ms] [ERROR] Not allowed to load local resource: file:///D:/%5CTypora%5CTyporaPics%5C9f43becfe97dacc37683e73a48e08c98.png @ http://localhost:5174/didiberber3-github.io/docs/java/Java%E6%B1%87%E6%80%BB:0
[  157543ms] [ERROR] Not allowed to load local resource: file:///D:/%5CTypora%5CTyporaPics%5Cimage-20251103134402030.png @ http://localhost:5174/didiberber3-github.io/docs/java/Java%E6%B1%87%E6%80%BB:0
[  157543ms] [ERROR] Not allowed to load local resource: file:///D:/%5CTypora%5CTyporaPics%5Cimage-20251103135634621.png @ http://localhost:5174/didiberber3-github.io/docs/java/Java%E6%B1%87%E6%80%BB:0
[  157543ms] [ERROR] Not allowed to load local resource: file:///D:/%5CTypora%5CTyporaPics%5Cimage-20251103140350645.png @ http://localhost:5174/didiberber3-github.io/docs/java/Java%E6%B1%87%E6%80%BB:0
[  157543ms] [ERROR] Not allowed to load local resource: file:///D:/%5CTypora%5CTyporaPics%5Cimage-20251103141826376.png @ http://localhost:5174/didiberber3-github.io/docs/java/Java%E6%B1%87%E6%80%BB:0
[  157543ms] [ERROR] Not allowed to load local resource: file:///D:/%5CTypora%5CTyporaPics%5Cimage-20251104012159884.png @ http://localhost:5174/didiberber3-github.io/docs/java/Java%E6%B1%87%E6%80%BB:0
[  157543ms] [ERROR] Not allowed to load local resource: file:///D:/%5CTypora%5CTyporaPics%5Cimage-20251104152004420.png @ http://localhost:5174/didiberber3-github.io/docs/java/Java%E6%B1%87%E6%80%BB:0
[  157543ms] [ERROR] Not allowed to load local resource: file:///D:/%5CTypora%5CTyporaPics%5Cimage-20251104193014345.png @ http://localhost:5174/didiberber3-github.io/docs/java/Java%E6%B1%87%E6%80%BB:0
[  157543ms] [ERROR] Not allowed to load local resource: file:///D:/%5CTypora%5CTyporaPics%5Cimage-20251106191300302.png @ http://localhost:5174/didiberber3-github.io/docs/java/Java%E6%B1%87%E6%80%BB:0
[  157544ms] [ERROR] Not allowed to load local resource: file:///D:/%5CTypora%5CTyporaPics%5Cimage-20251107182930322.png @ http://localhost:5174/didiberber3-github.io/docs/java/Java%E6%B1%87%E6%80%BB:0
[  157544ms] [ERROR] Not allowed to load local resource: file:///D:/%5CTypora%5CTyporaPics%5Cimage-20251107182915116.png @ http://localhost:5174/didiberber3-github.io/docs/java/Java%E6%B1%87%E6%80%BB:0
[  157544ms] [ERROR] Not allowed to load local resource: file:///D:/%5CTypora%5CTyporaPics%5Cimage-20251110134647925.png @ http://localhost:5174/didiberber3-github.io/docs/java/Java%E6%B1%87%E6%80%BB:0
[  157544ms] [ERROR] Not allowed to load local resource: file:///D:/%5CTypora%5CTyporaPics%5Cimage-20251110134702564.png @ http://localhost:5174/didiberber3-github.io/docs/java/Java%E6%B1%87%E6%80%BB:0
[  157544ms] [ERROR] Not allowed to load local resource: file:///D:/%5CTypora%5CTyporaPics%5Cimage-20251110134712199.png @ http://localhost:5174/didiberber3-github.io/docs/java/Java%E6%B1%87%E6%80%BB:0
[  157544ms] [ERROR] Not allowed to load local resource: file:///D:/%5CTypora%5CTyporaPics%5Cimage-20251110134941737.png @ http://localhost:5174/didiberber3-github.io/docs/java/Java%E6%B1%87%E6%80%BB:0
[  157544ms] [ERROR] Not allowed to load local resource: file:///D:/%5CTypora%5CTyporaPics%5Cimage-20251110135101551.png @ http://localhost:5174/didiberber3-github.io/docs/java/Java%E6%B1%87%E6%80%BB:0
[  157544ms] [ERROR] Not allowed to load local resource: file:///D:/%5CTypora%5CTyporaPics%5Cimage-20251111161918507.png @ http://localhost:5174/didiberber3-github.io/docs/java/Java%E6%B1%87%E6%80%BB:0
[  157544ms] [ERROR] Not allowed to load local resource: file:///D:/%5CTypora%5CTyporaPics%5Cimage-20251111161843066.png @ http://localhost:5174/didiberber3-github.io/docs/java/Java%E6%B1%87%E6%80%BB:0
[  157544ms] [ERROR] Not allowed to load local resource: file:///D:/%5CTypora%5CTyporaPics%5Cimage-20251111161948284.png @ http://localhost:5174/didiberber3-github.io/docs/java/Java%E6%B1%87%E6%80%BB:0
[  157544ms] [ERROR] Not allowed to load local resource: file:///D:/%5CTypora%5CTyporaPics%5Cimage-20251111162021380.png @ http://localhost:5174/didiberber3-github.io/docs/java/Java%E6%B1%87%E6%80%BB:0
[  157544ms] [ERROR] Not allowed to load local resource: file:///D:/%5CTypora%5CTyporaPics%5Cimage-20251111162108737.png @ http://localhost:5174/didiberber3-github.io/docs/java/Java%E6%B1%87%E6%80%BB:0
[  157544ms] [ERROR] Not allowed to load local resource: file:///D:/%5CTypora%5CTyporaPics%5Cimage-20251111162301917.png @ http://localhost:5174/didiberber3-github.io/docs/java/Java%E6%B1%87%E6%80%BB:0
[  157544ms] [ERROR] Not allowed to load local resource: file:///D:/%5CTypora%5CTyporaPics%5Cimage-20251111162327078.png @ http://localhost:5174/didiberber3-github.io/docs/java/Java%E6%B1%87%E6%80%BB:0
[  157544ms] [ERROR] Not allowed to load local resource: file:///D:/%5CTypora%5CTyporaPics%5Cimage-20251113134038642.png @ http://localhost:5174/didiberber3-github.io/docs/java/Java%E6%B1%87%E6%80%BB:0
[  157544ms] [ERROR] Not allowed to load local resource: file:///D:/%5CTypora%5CTyporaPics%5Cimage-20251117192047569.png @ http://localhost:5174/didiberber3-github.io/docs/java/Java%E6%B1%87%E6%80%BB:0
[  157544ms] [ERROR] Not allowed to load local resource: file:///D:/%5CTypora%5CTyporaPics%5Cimage-20260513121008438.png @ http://localhost:5174/didiberber3-github.io/docs/java/Java%E6%B1%87%E6%80%BB:0
[  157544ms] [ERROR] Not allowed to load local resource: file:///D:/%5CTypora%5CTyporaPics%5Cimage-20260513152624462.png @ http://localhost:5174/didiberber3-github.io/docs/java/Java%E6%B1%87%E6%80%BB:0
[  157544ms] [ERROR] Not allowed to load local resource: file:///D:/%5CTypora%5CTyporaPics%5Cimage-20260513164204064.png @ http://localhost:5174/didiberber3-github.io/docs/java/Java%E6%B1%87%E6%80%BB:0
[  157544ms] [ERROR] Not allowed to load local resource: file:///D:/%5CTypora%5CTyporaPics%5Cimage-20260518174805709.png @ http://localhost:5174/didiberber3-github.io/docs/java/Java%E6%B1%87%E6%80%BB:0
[  157544ms] [ERROR] Not allowed to load local resource: file:///D:/%5CTypora%5CTyporaPics%5Cimage-20260524162743132.png @ http://localhost:5174/didiberber3-github.io/docs/java/Java%E6%B1%87%E6%80%BB:0
[  157544ms] [ERROR] Not allowed to load local resource: file:///D:/%5CTypora%5CTyporaPics%5Cimage-20260524171022630.png @ http://localhost:5174/didiberber3-github.io/docs/java/Java%E6%B1%87%E6%80%BB:0
[  157545ms] [ERROR] Not allowed to load local resource: file:///D:/%5CTypora%5CTyporaPics%5Cimage-20260524172150545.png @ http://localhost:5174/didiberber3-github.io/docs/java/Java%E6%B1%87%E6%80%BB:0
[  157545ms] [ERROR] Not allowed to load local resource: file:///D:/%5CTypora%5CTyporaPics%5Cimage-20260525212047101.png @ http://localhost:5174/didiberber3-github.io/docs/java/Java%E6%B1%87%E6%80%BB:0
[  157545ms] [ERROR] Not allowed to load local resource: file:///D:/%5CTypora%5CTyporaPics%5C8f7fc4b7-fccb-4488-a851-085470c63c53.png @ http://localhost:5174/didiberber3-github.io/docs/java/Java%E6%B1%87%E6%80%BB:0
[  157610ms] [LOG] WARN: Could not find the language 'text', did you forget to load/include a language module? @ http://localhost:5174/didiberber3-github.io/node_modules/.vite/deps/highlight__js_lib_core.js?v=4c24c561:627
[  157610ms] [LOG] WARN: Falling back to no-highlight mode for this block. JSHandle@node @ http://localhost:5174/didiberber3-github.io/node_modules/.vite/deps/highlight__js_lib_core.js?v=4c24c561:627
[  157673ms] [LOG] WARN: Could not find the language 'text', did you forget to load/include a language module? @ http://localhost:5174/didiberber3-github.io/node_modules/.vite/deps/highlight__js_lib_core.js?v=4c24c561:627
[  157673ms] [LOG] WARN: Falling back to no-highlight mode for this block. JSHandle@node @ http://localhost:5174/didiberber3-github.io/node_modules/.vite/deps/highlight__js_lib_core.js?v=4c24c561:627
[  186506ms] [ERROR] Not allowed to load local resource: file:///D:/%5CTypora%5CTyporaPics%5Cascii-1-1.png @ http://localhost:5174/didiberber3-github.io/docs/java/Java%E6%B1%87%E6%80%BB:0
[  186506ms] [ERROR] Not allowed to load local resource: file:///D:/%5CTypora%5CTyporaPics%5Cimage-20250829231440352-1757315437442-1.png @ http://localhost:5174/didiberber3-github.io/docs/java/Java%E6%B1%87%E6%80%BB:0
[  186506ms] [ERROR] Not allowed to load local resource: file:///D:/%5CTypora%5CTyporaPics%5Cimage-20250829231917711.png @ http://localhost:5174/didiberber3-github.io/docs/java/Java%E6%B1%87%E6%80%BB:0
[  186506ms] [ERROR] Not allowed to load local resource: file:///D:/%5CTypora%5CTyporaPics%5Cimage-20250907202856242.png @ http://localhost:5174/didiberber3-github.io/docs/java/Java%E6%B1%87%E6%80%BB:0
[  186506ms] [ERROR] Not allowed to load local resource: file:///D:/%5CTypora%5CTyporaPics%5Cimage-20250907201933591.png @ http://localhost:5174/didiberber3-github.io/docs/java/Java%E6%B1%87%E6%80%BB:0
[  186506ms] [ERROR] Not allowed to load local resource: file:///D:/%5CTypora%5CTyporaPics%5Cimage-20250913203047243.png @ http://localhost:5174/didiberber3-github.io/docs/java/Java%E6%B1%87%E6%80%BB:0
[  186506ms] [ERROR] Not allowed to load local resource: file:///D:/%5CTypora%5CTyporaPics%5Cimage-20250913204241178.png @ http://localhost:5174/didiberber3-github.io/docs/java/Java%E6%B1%87%E6%80%BB:0
[  186506ms] [ERROR] Not allowed to load local resource: file:///D:/%5CTypora%5CTyporaPics%5Cimage-20251030110838645.png @ http://localhost:5174/didiberber3-github.io/docs/java/Java%E6%B1%87%E6%80%BB:0
[  186506ms] [ERROR] Not allowed to load local resource: file:///D:/%5CTypora%5CTyporaPics%5C9f43becfe97dacc37683e73a48e08c98.png @ http://localhost:5174/didiberber3-github.io/docs/java/Java%E6%B1%87%E6%80%BB:0
[  186506ms] [ERROR] Not allowed to load local resource: file:///D:/%5CTypora%5CTyporaPics%5Cimage-20251103134402030.png @ http://localhost:5174/didiberber3-github.io/docs/java/Java%E6%B1%87%E6%80%BB:0
[  186506ms] [ERROR] Not allowed to load local resource: file:///D:/%5CTypora%5CTyporaPics%5Cimage-20251103135634621.png @ http://localhost:5174/didiberber3-github.io/docs/java/Java%E6%B1%87%E6%80%BB:0
[  186506ms] [ERROR] Not allowed to load local resource: file:///D:/%5CTypora%5CTyporaPics%5Cimage-20251103140350645.png @ http://localhost:5174/didiberber3-github.io/docs/java/Java%E6%B1%87%E6%80%BB:0
[  186506ms] [ERROR] Not allowed to load local resource: file:///D:/%5CTypora%5CTyporaPics%5Cimage-20251103141826376.png @ http://localhost:5174/didiberber3-github.io/docs/java/Java%E6%B1%87%E6%80%BB:0
[  186506ms] [ERROR] Not allowed to load local resource: file:///D:/%5CTypora%5CTyporaPics%5Cimage-20251104012159884.png @ http://localhost:5174/didiberber3-github.io/docs/java/Java%E6%B1%87%E6%80%BB:0
[  186506ms] [ERROR] Not allowed to load local resource: file:///D:/%5CTypora%5CTyporaPics%5Cimage-20251104152004420.png @ http://localhost:5174/didiberber3-github.io/docs/java/Java%E6%B1%87%E6%80%BB:0
[  186507ms] [ERROR] Not allowed to load local resource: file:///D:/%5CTypora%5CTyporaPics%5Cimage-20251104193014345.png @ http://localhost:5174/didiberber3-github.io/docs/java/Java%E6%B1%87%E6%80%BB:0
[  186507ms] [ERROR] Not allowed to load local resource: file:///D:/%5CTypora%5CTyporaPics%5Cimage-20251106191300302.png @ http://localhost:5174/didiberber3-github.io/docs/java/Java%E6%B1%87%E6%80%BB:0
[  186507ms] [ERROR] Not allowed to load local resource: file:///D:/%5CTypora%5CTyporaPics%5Cimage-20251107182930322.png @ http://localhost:5174/didiberber3-github.io/docs/java/Java%E6%B1%87%E6%80%BB:0
[  186507ms] [ERROR] Not allowed to load local resource: file:///D:/%5CTypora%5CTyporaPics%5Cimage-20251107182915116.png @ http://localhost:5174/didiberber3-github.io/docs/java/Java%E6%B1%87%E6%80%BB:0
[  186507ms] [ERROR] Not allowed to load local resource: file:///D:/%5CTypora%5CTyporaPics%5Cimage-20251110134647925.png @ http://localhost:5174/didiberber3-github.io/docs/java/Java%E6%B1%87%E6%80%BB:0
[  186507ms] [ERROR] Not allowed to load local resource: file:///D:/%5CTypora%5CTyporaPics%5Cimage-20251110134702564.png @ http://localhost:5174/didiberber3-github.io/docs/java/Java%E6%B1%87%E6%80%BB:0
[  186507ms] [ERROR] Not allowed to load local resource: file:///D:/%5CTypora%5CTyporaPics%5Cimage-20251110134712199.png @ http://localhost:5174/didiberber3-github.io/docs/java/Java%E6%B1%87%E6%80%BB:0
[  186507ms] [ERROR] Not allowed to load local resource: file:///D:/%5CTypora%5CTyporaPics%5Cimage-20251110134941737.png @ http://localhost:5174/didiberber3-github.io/docs/java/Java%E6%B1%87%E6%80%BB:0
[  186507ms] [ERROR] Not allowed to load local resource: file:///D:/%5CTypora%5CTyporaPics%5Cimage-20251110135101551.png @ http://localhost:5174/didiberber3-github.io/docs/java/Java%E6%B1%87%E6%80%BB:0
[  186507ms] [ERROR] Not allowed to load local resource: file:///D:/%5CTypora%5CTyporaPics%5Cimage-20251111161918507.png @ http://localhost:5174/didiberber3-github.io/docs/java/Java%E6%B1%87%E6%80%BB:0
[  186507ms] [ERROR] Not allowed to load local resource: file:///D:/%5CTypora%5CTyporaPics%5Cimage-20251111161843066.png @ http://localhost:5174/didiberber3-github.io/docs/java/Java%E6%B1%87%E6%80%BB:0
[  186507ms] [ERROR] Not allowed to load local resource: file:///D:/%5CTypora%5CTyporaPics%5Cimage-20251111161948284.png @ http://localhost:5174/didiberber3-github.io/docs/java/Java%E6%B1%87%E6%80%BB:0
[  186507ms] [ERROR] Not allowed to load local resource: file:///D:/%5CTypora%5CTyporaPics%5Cimage-20251111162021380.png @ http://localhost:5174/didiberber3-github.io/docs/java/Java%E6%B1%87%E6%80%BB:0
[  186507ms] [ERROR] Not allowed to load local resource: file:///D:/%5CTypora%5CTyporaPics%5Cimage-20251111162108737.png @ http://localhost:5174/didiberber3-github.io/docs/java/Java%E6%B1%87%E6%80%BB:0
[  186507ms] [ERROR] Not allowed to load local resource: file:///D:/%5CTypora%5CTyporaPics%5Cimage-20251111162301917.png @ http://localhost:5174/didiberber3-github.io/docs/java/Java%E6%B1%87%E6%80%BB:0
[  186507ms] [ERROR] Not allowed to load local resource: file:///D:/%5CTypora%5CTyporaPics%5Cimage-20251111162327078.png @ http://localhost:5174/didiberber3-github.io/docs/java/Java%E6%B1%87%E6%80%BB:0
[  186507ms] [ERROR] Not allowed to load local resource: file:///D:/%5CTypora%5CTyporaPics%5Cimage-20251113134038642.png @ http://localhost:5174/didiberber3-github.io/docs/java/Java%E6%B1%87%E6%80%BB:0
[  186507ms] [ERROR] Not allowed to load local resource: file:///D:/%5CTypora%5CTyporaPics%5Cimage-20251117192047569.png @ http://localhost:5174/didiberber3-github.io/docs/java/Java%E6%B1%87%E6%80%BB:0
[  186508ms] [ERROR] Not allowed to load local resource: file:///D:/%5CTypora%5CTyporaPics%5Cimage-20260513121008438.png @ http://localhost:5174/didiberber3-github.io/docs/java/Java%E6%B1%87%E6%80%BB:0
[  186508ms] [ERROR] Not allowed to load local resource: file:///D:/%5CTypora%5CTyporaPics%5Cimage-20260513152624462.png @ http://localhost:5174/didiberber3-github.io/docs/java/Java%E6%B1%87%E6%80%BB:0
[  186508ms] [ERROR] Not allowed to load local resource: file:///D:/%5CTypora%5CTyporaPics%5Cimage-20260513164204064.png @ http://localhost:5174/didiberber3-github.io/docs/java/Java%E6%B1%87%E6%80%BB:0
[  186508ms] [ERROR] Not allowed to load local resource: file:///D:/%5CTypora%5CTyporaPics%5Cimage-20260518174805709.png @ http://localhost:5174/didiberber3-github.io/docs/java/Java%E6%B1%87%E6%80%BB:0
[  186508ms] [ERROR] Not allowed to load local resource: file:///D:/%5CTypora%5CTyporaPics%5Cimage-20260524162743132.png @ http://localhost:5174/didiberber3-github.io/docs/java/Java%E6%B1%87%E6%80%BB:0
[  186508ms] [ERROR] Not allowed to load local resource: file:///D:/%5CTypora%5CTyporaPics%5Cimage-20260524171022630.png @ http://localhost:5174/didiberber3-github.io/docs/java/Java%E6%B1%87%E6%80%BB:0
[  186508ms] [ERROR] Not allowed to load local resource: file:///D:/%5CTypora%5CTyporaPics%5Cimage-20260524172150545.png @ http://localhost:5174/didiberber3-github.io/docs/java/Java%E6%B1%87%E6%80%BB:0
[  186508ms] [ERROR] Not allowed to load local resource: file:///D:/%5CTypora%5CTyporaPics%5Cimage-20260525212047101.png @ http://localhost:5174/didiberber3-github.io/docs/java/Java%E6%B1%87%E6%80%BB:0
[  186508ms] [ERROR] Not allowed to load local resource: file:///D:/%5CTypora%5CTyporaPics%5C8f7fc4b7-fccb-4488-a851-085470c63c53.png @ http://localhost:5174/didiberber3-github.io/docs/java/Java%E6%B1%87%E6%80%BB:0
[  186572ms] [LOG] WARN: Could not find the language 'text', did you forget to load/include a language module? @ http://localhost:5174/didiberber3-github.io/node_modules/.vite/deps/highlight__js_lib_core.js?v=4c24c561:627
[  186572ms] [LOG] WARN: Falling back to no-highlight mode for this block. JSHandle@node @ http://localhost:5174/didiberber3-github.io/node_modules/.vite/deps/highlight__js_lib_core.js?v=4c24c561:627
[  186625ms] [LOG] WARN: Could not find the language 'text', did you forget to load/include a language module? @ http://localhost:5174/didiberber3-github.io/node_modules/.vite/deps/highlight__js_lib_core.js?v=4c24c561:627
[  186625ms] [LOG] WARN: Falling back to no-highlight mode for this block. JSHandle@node @ http://localhost:5174/didiberber3-github.io/node_modules/.vite/deps/highlight__js_lib_core.js?v=4c24c561:627
[  192932ms] [ERROR] Not allowed to load local resource: file:///D:/%5CTypora%5CTyporaPics%5Cascii-1-1.png @ http://localhost:5174/didiberber3-github.io/docs/java/Java%E6%B1%87%E6%80%BB:0
[  192932ms] [ERROR] Not allowed to load local resource: file:///D:/%5CTypora%5CTyporaPics%5Cimage-20250829231440352-1757315437442-1.png @ http://localhost:5174/didiberber3-github.io/docs/java/Java%E6%B1%87%E6%80%BB:0
[  192932ms] [ERROR] Not allowed to load local resource: file:///D:/%5CTypora%5CTyporaPics%5Cimage-20250829231917711.png @ http://localhost:5174/didiberber3-github.io/docs/java/Java%E6%B1%87%E6%80%BB:0
[  192932ms] [ERROR] Not allowed to load local resource: file:///D:/%5CTypora%5CTyporaPics%5Cimage-20250907202856242.png @ http://localhost:5174/didiberber3-github.io/docs/java/Java%E6%B1%87%E6%80%BB:0
[  192932ms] [ERROR] Not allowed to load local resource: file:///D:/%5CTypora%5CTyporaPics%5Cimage-20250907201933591.png @ http://localhost:5174/didiberber3-github.io/docs/java/Java%E6%B1%87%E6%80%BB:0
[  192932ms] [ERROR] Not allowed to load local resource: file:///D:/%5CTypora%5CTyporaPics%5Cimage-20250913203047243.png @ http://localhost:5174/didiberber3-github.io/docs/java/Java%E6%B1%87%E6%80%BB:0
[  192932ms] [ERROR] Not allowed to load local resource: file:///D:/%5CTypora%5CTyporaPics%5Cimage-20250913204241178.png @ http://localhost:5174/didiberber3-github.io/docs/java/Java%E6%B1%87%E6%80%BB:0
[  192932ms] [ERROR] Not allowed to load local resource: file:///D:/%5CTypora%5CTyporaPics%5Cimage-20251030110838645.png @ http://localhost:5174/didiberber3-github.io/docs/java/Java%E6%B1%87%E6%80%BB:0
[  192932ms] [ERROR] Not allowed to load local resource: file:///D:/%5CTypora%5CTyporaPics%5C9f43becfe97dacc37683e73a48e08c98.png @ http://localhost:5174/didiberber3-github.io/docs/java/Java%E6%B1%87%E6%80%BB:0
[  192932ms] [ERROR] Not allowed to load local resource: file:///D:/%5CTypora%5CTyporaPics%5Cimage-20251103134402030.png @ http://localhost:5174/didiberber3-github.io/docs/java/Java%E6%B1%87%E6%80%BB:0
[  192932ms] [ERROR] Not allowed to load local resource: file:///D:/%5CTypora%5CTyporaPics%5Cimage-20251103135634621.png @ http://localhost:5174/didiberber3-github.io/docs/java/Java%E6%B1%87%E6%80%BB:0
[  192933ms] [ERROR] Not allowed to load local resource: file:///D:/%5CTypora%5CTyporaPics%5Cimage-20251103140350645.png @ http://localhost:5174/didiberber3-github.io/docs/java/Java%E6%B1%87%E6%80%BB:0
[  192933ms] [ERROR] Not allowed to load local resource: file:///D:/%5CTypora%5CTyporaPics%5Cimage-20251103141826376.png @ http://localhost:5174/didiberber3-github.io/docs/java/Java%E6%B1%87%E6%80%BB:0
[  192933ms] [ERROR] Not allowed to load local resource: file:///D:/%5CTypora%5CTyporaPics%5Cimage-20251104012159884.png @ http://localhost:5174/didiberber3-github.io/docs/java/Java%E6%B1%87%E6%80%BB:0
[  192933ms] [ERROR] Not allowed to load local resource: file:///D:/%5CTypora%5CTyporaPics%5Cimage-20251104152004420.png @ http://localhost:5174/didiberber3-github.io/docs/java/Java%E6%B1%87%E6%80%BB:0
[  192933ms] [ERROR] Not allowed to load local resource: file:///D:/%5CTypora%5CTyporaPics%5Cimage-20251104193014345.png @ http://localhost:5174/didiberber3-github.io/docs/java/Java%E6%B1%87%E6%80%BB:0
[  192933ms] [ERROR] Not allowed to load local resource: file:///D:/%5CTypora%5CTyporaPics%5Cimage-20251106191300302.png @ http://localhost:5174/didiberber3-github.io/docs/java/Java%E6%B1%87%E6%80%BB:0
[  192933ms] [ERROR] Not allowed to load local resource: file:///D:/%5CTypora%5CTyporaPics%5Cimage-20251107182930322.png @ http://localhost:5174/didiberber3-github.io/docs/java/Java%E6%B1%87%E6%80%BB:0
[  192933ms] [ERROR] Not allowed to load local resource: file:///D:/%5CTypora%5CTyporaPics%5Cimage-20251107182915116.png @ http://localhost:5174/didiberber3-github.io/docs/java/Java%E6%B1%87%E6%80%BB:0
[  192933ms] [ERROR] Not allowed to load local resource: file:///D:/%5CTypora%5CTyporaPics%5Cimage-20251110134647925.png @ http://localhost:5174/didiberber3-github.io/docs/java/Java%E6%B1%87%E6%80%BB:0
[  192933ms] [ERROR] Not allowed to load local resource: file:///D:/%5CTypora%5CTyporaPics%5Cimage-20251110134702564.png @ http://localhost:5174/didiberber3-github.io/docs/java/Java%E6%B1%87%E6%80%BB:0
[  192933ms] [ERROR] Not allowed to load local resource: file:///D:/%5CTypora%5CTyporaPics%5Cimage-20251110134712199.png @ http://localhost:5174/didiberber3-github.io/docs/java/Java%E6%B1%87%E6%80%BB:0
[  192933ms] [ERROR] Not allowed to load local resource: file:///D:/%5CTypora%5CTyporaPics%5Cimage-20251110134941737.png @ http://localhost:5174/didiberber3-github.io/docs/java/Java%E6%B1%87%E6%80%BB:0
[  192933ms] [ERROR] Not allowed to load local resource: file:///D:/%5CTypora%5CTyporaPics%5Cimage-20251110135101551.png @ http://localhost:5174/didiberber3-github.io/docs/java/Java%E6%B1%87%E6%80%BB:0
[  192933ms] [ERROR] Not allowed to load local resource: file:///D:/%5CTypora%5CTyporaPics%5Cimage-20251111161918507.png @ http://localhost:5174/didiberber3-github.io/docs/java/Java%E6%B1%87%E6%80%BB:0
[  192933ms] [ERROR] Not allowed to load local resource: file:///D:/%5CTypora%5CTyporaPics%5Cimage-20251111161843066.png @ http://localhost:5174/didiberber3-github.io/docs/java/Java%E6%B1%87%E6%80%BB:0
[  192933ms] [ERROR] Not allowed to load local resource: file:///D:/%5CTypora%5CTyporaPics%5Cimage-20251111161948284.png @ http://localhost:5174/didiberber3-github.io/docs/java/Java%E6%B1%87%E6%80%BB:0
[  192933ms] [ERROR] Not allowed to load local resource: file:///D:/%5CTypora%5CTyporaPics%5Cimage-20251111162021380.png @ http://localhost:5174/didiberber3-github.io/docs/java/Java%E6%B1%87%E6%80%BB:0
[  192933ms] [ERROR] Not allowed to load local resource: file:///D:/%5CTypora%5CTyporaPics%5Cimage-20251111162108737.png @ http://localhost:5174/didiberber3-github.io/docs/java/Java%E6%B1%87%E6%80%BB:0
[  192933ms] [ERROR] Not allowed to load local resource: file:///D:/%5CTypora%5CTyporaPics%5Cimage-20251111162301917.png @ http://localhost:5174/didiberber3-github.io/docs/java/Java%E6%B1%87%E6%80%BB:0
[  192933ms] [ERROR] Not allowed to load local resource: file:///D:/%5CTypora%5CTyporaPics%5Cimage-20251111162327078.png @ http://localhost:5174/didiberber3-github.io/docs/java/Java%E6%B1%87%E6%80%BB:0
[  192934ms] [ERROR] Not allowed to load local resource: file:///D:/%5CTypora%5CTyporaPics%5Cimage-20251113134038642.png @ http://localhost:5174/didiberber3-github.io/docs/java/Java%E6%B1%87%E6%80%BB:0
[  192934ms] [ERROR] Not allowed to load local resource: file:///D:/%5CTypora%5CTyporaPics%5Cimage-20251117192047569.png @ http://localhost:5174/didiberber3-github.io/docs/java/Java%E6%B1%87%E6%80%BB:0
[  192934ms] [ERROR] Not allowed to load local resource: file:///D:/%5CTypora%5CTyporaPics%5Cimage-20260513121008438.png @ http://localhost:5174/didiberber3-github.io/docs/java/Java%E6%B1%87%E6%80%BB:0
[  192934ms] [ERROR] Not allowed to load local resource: file:///D:/%5CTypora%5CTyporaPics%5Cimage-20260513152624462.png @ http://localhost:5174/didiberber3-github.io/docs/java/Java%E6%B1%87%E6%80%BB:0
[  192934ms] [ERROR] Not allowed to load local resource: file:///D:/%5CTypora%5CTyporaPics%5Cimage-20260513164204064.png @ http://localhost:5174/didiberber3-github.io/docs/java/Java%E6%B1%87%E6%80%BB:0
[  192934ms] [ERROR] Not allowed to load local resource: file:///D:/%5CTypora%5CTyporaPics%5Cimage-20260518174805709.png @ http://localhost:5174/didiberber3-github.io/docs/java/Java%E6%B1%87%E6%80%BB:0
[  192934ms] [ERROR] Not allowed to load local resource: file:///D:/%5CTypora%5CTyporaPics%5Cimage-20260524162743132.png @ http://localhost:5174/didiberber3-github.io/docs/java/Java%E6%B1%87%E6%80%BB:0
[  192934ms] [ERROR] Not allowed to load local resource: file:///D:/%5CTypora%5CTyporaPics%5Cimage-20260524171022630.png @ http://localhost:5174/didiberber3-github.io/docs/java/Java%E6%B1%87%E6%80%BB:0
[  192934ms] [ERROR] Not allowed to load local resource: file:///D:/%5CTypora%5CTyporaPics%5Cimage-20260524172150545.png @ http://localhost:5174/didiberber3-github.io/docs/java/Java%E6%B1%87%E6%80%BB:0
[  192934ms] [ERROR] Not allowed to load local resource: file:///D:/%5CTypora%5CTyporaPics%5Cimage-20260525212047101.png @ http://localhost:5174/didiberber3-github.io/docs/java/Java%E6%B1%87%E6%80%BB:0
[  192934ms] [ERROR] Not allowed to load local resource: file:///D:/%5CTypora%5CTyporaPics%5C8f7fc4b7-fccb-4488-a851-085470c63c53.png @ http://localhost:5174/didiberber3-github.io/docs/java/Java%E6%B1%87%E6%80%BB:0
[  192997ms] [LOG] WARN: Could not find the language 'text', did you forget to load/include a language module? @ http://localhost:5174/didiberber3-github.io/node_modules/.vite/deps/highlight__js_lib_core.js?v=4c24c561:627
[  192997ms] [LOG] WARN: Falling back to no-highlight mode for this block. JSHandle@node @ http://localhost:5174/didiberber3-github.io/node_modules/.vite/deps/highlight__js_lib_core.js?v=4c24c561:627
[  193049ms] [LOG] WARN: Could not find the language 'text', did you forget to load/include a language module? @ http://localhost:5174/didiberber3-github.io/node_modules/.vite/deps/highlight__js_lib_core.js?v=4c24c561:627
[  193049ms] [LOG] WARN: Falling back to no-highlight mode for this block. JSHandle@node @ http://localhost:5174/didiberber3-github.io/node_modules/.vite/deps/highlight__js_lib_core.js?v=4c24c561:627
[  204671ms] [ERROR] Not allowed to load local resource: file:///D:/%5CTypora%5CTyporaPics%5Cascii-1-1.png @ http://localhost:5174/didiberber3-github.io/docs/java/Java%E6%B1%87%E6%80%BB:0
[  204671ms] [ERROR] Not allowed to load local resource: file:///D:/%5CTypora%5CTyporaPics%5Cimage-20250829231440352-1757315437442-1.png @ http://localhost:5174/didiberber3-github.io/docs/java/Java%E6%B1%87%E6%80%BB:0
[  204671ms] [ERROR] Not allowed to load local resource: file:///D:/%5CTypora%5CTyporaPics%5Cimage-20250829231917711.png @ http://localhost:5174/didiberber3-github.io/docs/java/Java%E6%B1%87%E6%80%BB:0
[  204671ms] [ERROR] Not allowed to load local resource: file:///D:/%5CTypora%5CTyporaPics%5Cimage-20250907202856242.png @ http://localhost:5174/didiberber3-github.io/docs/java/Java%E6%B1%87%E6%80%BB:0
[  204671ms] [ERROR] Not allowed to load local resource: file:///D:/%5CTypora%5CTyporaPics%5Cimage-20250907201933591.png @ http://localhost:5174/didiberber3-github.io/docs/java/Java%E6%B1%87%E6%80%BB:0
[  204671ms] [ERROR] Not allowed to load local resource: file:///D:/%5CTypora%5CTyporaPics%5Cimage-20250913203047243.png @ http://localhost:5174/didiberber3-github.io/docs/java/Java%E6%B1%87%E6%80%BB:0
[  204671ms] [ERROR] Not allowed to load local resource: file:///D:/%5CTypora%5CTyporaPics%5Cimage-20250913204241178.png @ http://localhost:5174/didiberber3-github.io/docs/java/Java%E6%B1%87%E6%80%BB:0
[  204671ms] [ERROR] Not allowed to load local resource: file:///D:/%5CTypora%5CTyporaPics%5Cimage-20251030110838645.png @ http://localhost:5174/didiberber3-github.io/docs/java/Java%E6%B1%87%E6%80%BB:0
[  204671ms] [ERROR] Not allowed to load local resource: file:///D:/%5CTypora%5CTyporaPics%5C9f43becfe97dacc37683e73a48e08c98.png @ http://localhost:5174/didiberber3-github.io/docs/java/Java%E6%B1%87%E6%80%BB:0
[  204671ms] [ERROR] Not allowed to load local resource: file:///D:/%5CTypora%5CTyporaPics%5Cimage-20251103134402030.png @ http://localhost:5174/didiberber3-github.io/docs/java/Java%E6%B1%87%E6%80%BB:0
[  204671ms] [ERROR] Not allowed to load local resource: file:///D:/%5CTypora%5CTyporaPics%5Cimage-20251103135634621.png @ http://localhost:5174/didiberber3-github.io/docs/java/Java%E6%B1%87%E6%80%BB:0
[  204671ms] [ERROR] Not allowed to load local resource: file:///D:/%5CTypora%5CTyporaPics%5Cimage-20251103140350645.png @ http://localhost:5174/didiberber3-github.io/docs/java/Java%E6%B1%87%E6%80%BB:0
[  204671ms] [ERROR] Not allowed to load local resource: file:///D:/%5CTypora%5CTyporaPics%5Cimage-20251103141826376.png @ http://localhost:5174/didiberber3-github.io/docs/java/Java%E6%B1%87%E6%80%BB:0
[  204671ms] [ERROR] Not allowed to load local resource: file:///D:/%5CTypora%5CTyporaPics%5Cimage-20251104012159884.png @ http://localhost:5174/didiberber3-github.io/docs/java/Java%E6%B1%87%E6%80%BB:0
[  204672ms] [ERROR] Not allowed to load local resource: file:///D:/%5CTypora%5CTyporaPics%5Cimage-20251104152004420.png @ http://localhost:5174/didiberber3-github.io/docs/java/Java%E6%B1%87%E6%80%BB:0
[  204672ms] [ERROR] Not allowed to load local resource: file:///D:/%5CTypora%5CTyporaPics%5Cimage-20251104193014345.png @ http://localhost:5174/didiberber3-github.io/docs/java/Java%E6%B1%87%E6%80%BB:0
[  204672ms] [ERROR] Not allowed to load local resource: file:///D:/%5CTypora%5CTyporaPics%5Cimage-20251106191300302.png @ http://localhost:5174/didiberber3-github.io/docs/java/Java%E6%B1%87%E6%80%BB:0
[  204672ms] [ERROR] Not allowed to load local resource: file:///D:/%5CTypora%5CTyporaPics%5Cimage-20251107182930322.png @ http://localhost:5174/didiberber3-github.io/docs/java/Java%E6%B1%87%E6%80%BB:0
[  204672ms] [ERROR] Not allowed to load local resource: file:///D:/%5CTypora%5CTyporaPics%5Cimage-20251107182915116.png @ http://localhost:5174/didiberber3-github.io/docs/java/Java%E6%B1%87%E6%80%BB:0
[  204672ms] [ERROR] Not allowed to load local resource: file:///D:/%5CTypora%5CTyporaPics%5Cimage-20251110134647925.png @ http://localhost:5174/didiberber3-github.io/docs/java/Java%E6%B1%87%E6%80%BB:0
[  204672ms] [ERROR] Not allowed to load local resource: file:///D:/%5CTypora%5CTyporaPics%5Cimage-20251110134702564.png @ http://localhost:5174/didiberber3-github.io/docs/java/Java%E6%B1%87%E6%80%BB:0
[  204672ms] [ERROR] Not allowed to load local resource: file:///D:/%5CTypora%5CTyporaPics%5Cimage-20251110134712199.png @ http://localhost:5174/didiberber3-github.io/docs/java/Java%E6%B1%87%E6%80%BB:0
[  204672ms] [ERROR] Not allowed to load local resource: file:///D:/%5CTypora%5CTyporaPics%5Cimage-20251110134941737.png @ http://localhost:5174/didiberber3-github.io/docs/java/Java%E6%B1%87%E6%80%BB:0
[  204672ms] [ERROR] Not allowed to load local resource: file:///D:/%5CTypora%5CTyporaPics%5Cimage-20251110135101551.png @ http://localhost:5174/didiberber3-github.io/docs/java/Java%E6%B1%87%E6%80%BB:0
[  204672ms] [ERROR] Not allowed to load local resource: file:///D:/%5CTypora%5CTyporaPics%5Cimage-20251111161918507.png @ http://localhost:5174/didiberber3-github.io/docs/java/Java%E6%B1%87%E6%80%BB:0
[  204672ms] [ERROR] Not allowed to load local resource: file:///D:/%5CTypora%5CTyporaPics%5Cimage-20251111161843066.png @ http://localhost:5174/didiberber3-github.io/docs/java/Java%E6%B1%87%E6%80%BB:0
[  204672ms] [ERROR] Not allowed to load local resource: file:///D:/%5CTypora%5CTyporaPics%5Cimage-20251111161948284.png @ http://localhost:5174/didiberber3-github.io/docs/java/Java%E6%B1%87%E6%80%BB:0
[  204672ms] [ERROR] Not allowed to load local resource: file:///D:/%5CTypora%5CTyporaPics%5Cimage-20251111162021380.png @ http://localhost:5174/didiberber3-github.io/docs/java/Java%E6%B1%87%E6%80%BB:0
[  204672ms] [ERROR] Not allowed to load local resource: file:///D:/%5CTypora%5CTyporaPics%5Cimage-20251111162108737.png @ http://localhost:5174/didiberber3-github.io/docs/java/Java%E6%B1%87%E6%80%BB:0
[  204672ms] [ERROR] Not allowed to load local resource: file:///D:/%5CTypora%5CTyporaPics%5Cimage-20251111162301917.png @ http://localhost:5174/didiberber3-github.io/docs/java/Java%E6%B1%87%E6%80%BB:0
[  204672ms] [ERROR] Not allowed to load local resource: file:///D:/%5CTypora%5CTyporaPics%5Cimage-20251111162327078.png @ http://localhost:5174/didiberber3-github.io/docs/java/Java%E6%B1%87%E6%80%BB:0
[  204672ms] [ERROR] Not allowed to load local resource: file:///D:/%5CTypora%5CTyporaPics%5Cimage-20251113134038642.png @ http://localhost:5174/didiberber3-github.io/docs/java/Java%E6%B1%87%E6%80%BB:0
[  204672ms] [ERROR] Not allowed to load local resource: file:///D:/%5CTypora%5CTyporaPics%5Cimage-20251117192047569.png @ http://localhost:5174/didiberber3-github.io/docs/java/Java%E6%B1%87%E6%80%BB:0
[  204672ms] [ERROR] Not allowed to load local resource: file:///D:/%5CTypora%5CTyporaPics%5Cimage-20260513121008438.png @ http://localhost:5174/didiberber3-github.io/docs/java/Java%E6%B1%87%E6%80%BB:0
[  204672ms] [ERROR] Not allowed to load local resource: file:///D:/%5CTypora%5CTyporaPics%5Cimage-20260513152624462.png @ http://localhost:5174/didiberber3-github.io/docs/java/Java%E6%B1%87%E6%80%BB:0
[  204672ms] [ERROR] Not allowed to load local resource: file:///D:/%5CTypora%5CTyporaPics%5Cimage-20260513164204064.png @ http://localhost:5174/didiberber3-github.io/docs/java/Java%E6%B1%87%E6%80%BB:0
[  204673ms] [ERROR] Not allowed to load local resource: file:///D:/%5CTypora%5CTyporaPics%5Cimage-20260518174805709.png @ http://localhost:5174/didiberber3-github.io/docs/java/Java%E6%B1%87%E6%80%BB:0
[  204673ms] [ERROR] Not allowed to load local resource: file:///D:/%5CTypora%5CTyporaPics%5Cimage-20260524162743132.png @ http://localhost:5174/didiberber3-github.io/docs/java/Java%E6%B1%87%E6%80%BB:0
[  204673ms] [ERROR] Not allowed to load local resource: file:///D:/%5CTypora%5CTyporaPics%5Cimage-20260524171022630.png @ http://localhost:5174/didiberber3-github.io/docs/java/Java%E6%B1%87%E6%80%BB:0
[  204673ms] [ERROR] Not allowed to load local resource: file:///D:/%5CTypora%5CTyporaPics%5Cimage-20260524172150545.png @ http://localhost:5174/didiberber3-github.io/docs/java/Java%E6%B1%87%E6%80%BB:0
[  204673ms] [ERROR] Not allowed to load local resource: file:///D:/%5CTypora%5CTyporaPics%5Cimage-20260525212047101.png @ http://localhost:5174/didiberber3-github.io/docs/java/Java%E6%B1%87%E6%80%BB:0
[  204673ms] [ERROR] Not allowed to load local resource: file:///D:/%5CTypora%5CTyporaPics%5C8f7fc4b7-fccb-4488-a851-085470c63c53.png @ http://localhost:5174/didiberber3-github.io/docs/java/Java%E6%B1%87%E6%80%BB:0
[  204739ms] [LOG] WARN: Could not find the language 'text', did you forget to load/include a language module? @ http://localhost:5174/didiberber3-github.io/node_modules/.vite/deps/highlight__js_lib_core.js?v=4c24c561:627
[  204739ms] [LOG] WARN: Falling back to no-highlight mode for this block. JSHandle@node @ http://localhost:5174/didiberber3-github.io/node_modules/.vite/deps/highlight__js_lib_core.js?v=4c24c561:627
[  204794ms] [LOG] WARN: Could not find the language 'text', did you forget to load/include a language module? @ http://localhost:5174/didiberber3-github.io/node_modules/.vite/deps/highlight__js_lib_core.js?v=4c24c561:627
[  204794ms] [LOG] WARN: Falling back to no-highlight mode for this block. JSHandle@node @ http://localhost:5174/didiberber3-github.io/node_modules/.vite/deps/highlight__js_lib_core.js?v=4c24c561:627
